Archive member included because of file (symbol)

c:/program files (x86)/atmel/atmel toolchain/avr8 gcc/native/3.4.1061/avr8-gnu-toolchain/bin/../lib/gcc/avr/4.8.1/avr6\libgcc.a(_exit.o)
                              c:/program files (x86)/atmel/atmel toolchain/avr8 gcc/native/3.4.1061/avr8-gnu-toolchain/bin/../lib/gcc/avr/4.8.1/../../../../avr/lib/avr6/crtm2560.o (exit)
c:/program files (x86)/atmel/atmel toolchain/avr8 gcc/native/3.4.1061/avr8-gnu-toolchain/bin/../lib/gcc/avr/4.8.1/avr6\libgcc.a(_tablejump.o)
                              rtos/os.o (__tablejump2__)
c:/program files (x86)/atmel/atmel toolchain/avr8 gcc/native/3.4.1061/avr8-gnu-toolchain/bin/../lib/gcc/avr/4.8.1/avr6\libgcc.a(_copy_data.o)
                              cops_and_robbers.o (__do_copy_data)
c:/program files (x86)/atmel/atmel toolchain/avr8 gcc/native/3.4.1061/avr8-gnu-toolchain/bin/../lib/gcc/avr/4.8.1/avr6\libgcc.a(_clear_bss.o)
                              ir/ir.o (__do_clear_bss)
c:/program files (x86)/atmel/atmel toolchain/avr8 gcc/native/3.4.1061/avr8-gnu-toolchain/bin/../lib/gcc/avr/4.8.1/avr6\libgcc.a(_umulhisi3.o)
                              rtos/os.o (__umulhisi3)
c:/program files (x86)/atmel/atmel toolchain/avr8 gcc/native/3.4.1061/avr8-gnu-toolchain/bin/../lib/gcc/avr/4.8.1/../../../../avr/lib/avr6\libc.a(sprintf.o)
                              trace/trace.o (sprintf)
c:/program files (x86)/atmel/atmel toolchain/avr8 gcc/native/3.4.1061/avr8-gnu-toolchain/bin/../lib/gcc/avr/4.8.1/../../../../avr/lib/avr6\libc.a(vfprintf_std.o)
                              c:/program files (x86)/atmel/atmel toolchain/avr8 gcc/native/3.4.1061/avr8-gnu-toolchain/bin/../lib/gcc/avr/4.8.1/../../../../avr/lib/avr6\libc.a(sprintf.o) (vfprintf)
c:/program files (x86)/atmel/atmel toolchain/avr8 gcc/native/3.4.1061/avr8-gnu-toolchain/bin/../lib/gcc/avr/4.8.1/../../../../avr/lib/avr6\libc.a(strnlen_P.o)
                              c:/program files (x86)/atmel/atmel toolchain/avr8 gcc/native/3.4.1061/avr8-gnu-toolchain/bin/../lib/gcc/avr/4.8.1/../../../../avr/lib/avr6\libc.a(vfprintf_std.o) (strnlen_P)
c:/program files (x86)/atmel/atmel toolchain/avr8 gcc/native/3.4.1061/avr8-gnu-toolchain/bin/../lib/gcc/avr/4.8.1/../../../../avr/lib/avr6\libc.a(strnlen.o)
                              c:/program files (x86)/atmel/atmel toolchain/avr8 gcc/native/3.4.1061/avr8-gnu-toolchain/bin/../lib/gcc/avr/4.8.1/../../../../avr/lib/avr6\libc.a(vfprintf_std.o) (strnlen)
c:/program files (x86)/atmel/atmel toolchain/avr8 gcc/native/3.4.1061/avr8-gnu-toolchain/bin/../lib/gcc/avr/4.8.1/../../../../avr/lib/avr6\libc.a(fputc.o)
                              c:/program files (x86)/atmel/atmel toolchain/avr8 gcc/native/3.4.1061/avr8-gnu-toolchain/bin/../lib/gcc/avr/4.8.1/../../../../avr/lib/avr6\libc.a(vfprintf_std.o) (fputc)
c:/program files (x86)/atmel/atmel toolchain/avr8 gcc/native/3.4.1061/avr8-gnu-toolchain/bin/../lib/gcc/avr/4.8.1/../../../../avr/lib/avr6\libc.a(ultoa_invert.o)
                              c:/program files (x86)/atmel/atmel toolchain/avr8 gcc/native/3.4.1061/avr8-gnu-toolchain/bin/../lib/gcc/avr/4.8.1/../../../../avr/lib/avr6\libc.a(vfprintf_std.o) (__ultoa_invert)

Allocating common symbols
Common symbol       size              file

trace_array         0x200             trace/trace.o
trace_buffer        0x20              trace/trace.o

Discarded input sections

 .data          0x00000000        0x0 c:/program files (x86)/atmel/atmel toolchain/avr8 gcc/native/3.4.1061/avr8-gnu-toolchain/bin/../lib/gcc/avr/4.8.1/../../../../avr/lib/avr6/crtm2560.o
 .bss           0x00000000        0x0 c:/program files (x86)/atmel/atmel toolchain/avr8 gcc/native/3.4.1061/avr8-gnu-toolchain/bin/../lib/gcc/avr/4.8.1/../../../../avr/lib/avr6/crtm2560.o
 .text          0x00000000        0x0 cops_and_robbers.o
 .data          0x00000000        0x0 cops_and_robbers.o
 .bss           0x00000000        0x0 cops_and_robbers.o
 .data.ROOMBA_FREQUENCIES
                0x00000000        0x4 cops_and_robbers.o
 .data.ROOMBA_ADDRESSES
                0x00000000       0x14 cops_and_robbers.o
 .debug_info    0x00000000       0xb2 cops_and_robbers.o
 .debug_abbrev  0x00000000       0x56 cops_and_robbers.o
 .debug_aranges
                0x00000000       0x18 cops_and_robbers.o
 .debug_line    0x00000000       0xa6 cops_and_robbers.o
 .debug_str     0x00000000      0x198 cops_and_robbers.o
 .comment       0x00000000       0x31 cops_and_robbers.o
 .text          0x00000000        0x0 ir/ir.o
 .data          0x00000000        0x0 ir/ir.o
 .bss           0x00000000        0x0 ir/ir.o
 .text.IR_init  0x00000000       0x60 ir/ir.o
 .text.enable_interupt
                0x00000000        0x6 ir/ir.o
 .text.disable_interupt
                0x00000000       0x14 ir/ir.o
 .text.mark     0x00000000       0x18 ir/ir.o
 .text.space    0x00000000       0x18 ir/ir.o
 .text.IR_transmit
                0x00000000       0x56 ir/ir.o
 .bss.outputByte
                0x00000000        0x1 ir/ir.o
 .bss.is_transmitting
                0x00000000        0x1 ir/ir.o
 .text          0x00000000        0x0 radio/radio.o
 .data          0x00000000        0x0 radio/radio.o
 .bss           0x00000000        0x0 radio/radio.o
 .text.Radio_Init
                0x00000000      0x10e radio/radio.o
 .text.Radio_Configure_Rx
                0x00000000      0x124 radio/radio.o
 .text.Radio_Set_Tx_Addr
                0x00000000       0x2c radio/radio.o
 .text.Radio_Configure
                0x00000000       0x58 radio/radio.o
 .text.Radio_Transmit
                0x00000000       0xba radio/radio.o
 .text.Radio_Receive
                0x00000000       0x70 radio/radio.o
 .text.Radio_Success_Rate
                0x00000000       0x40 radio/radio.o
 .text.Radio_Flush
                0x00000000       0x22 radio/radio.o
 .data.tx_address
                0x00000000        0x5 radio/radio.o
 .text          0x00000000        0x0 radio/spi.o
 .data          0x00000000        0x0 radio/spi.o
 .bss           0x00000000        0x0 radio/spi.o
 .text.SPI_Init
                0x00000000       0x1a radio/spi.o
 .text          0x00000000        0x0 RoombaVer3.o
 .data          0x00000000        0x0 RoombaVer3.o
 .bss           0x00000000        0x0 RoombaVer3.o
 .text          0x00000000        0x0 roomba/roomba.o
 .data          0x00000000        0x0 roomba/roomba.o
 .bss           0x00000000        0x0 roomba/roomba.o
 .text.Roomba_Init
                0x00000000       0x78 roomba/roomba.o
 .text.Roomba_Finish
                0x00000000        0x8 roomba/roomba.o
 .text.Roomba_UpdateSensorPacket
                0x00000000      0x152 roomba/roomba.o
 .text.Roomba_Drive
                0x00000000       0x38 roomba/roomba.o
 .debug_info    0x00000000      0x8f2 roomba/roomba.o
 .debug_abbrev  0x00000000      0x1e4 roomba/roomba.o
 .debug_loc     0x00000000      0x133 roomba/roomba.o
 .debug_aranges
                0x00000000       0x38 roomba/roomba.o
 .debug_ranges  0x00000000       0x28 roomba/roomba.o
 .debug_line    0x00000000      0x313 roomba/roomba.o
 .debug_str     0x00000000      0x50b roomba/roomba.o
 .comment       0x00000000       0x31 roomba/roomba.o
 .debug_frame   0x00000000       0x78 roomba/roomba.o
 .text          0x00000000        0x0 rtos/os.o
 .data          0x00000000        0x0 rtos/os.o
 .bss           0x00000000        0x0 rtos/os.o
 .text.Task_Next
                0x00000000       0x16 rtos/os.o
 .text.Task_GetArg
                0x00000000       0x12 rtos/os.o
 .text.kernel_create_helper
                0x00000000       0x32 rtos/os.o
 .text.Task_Create_System
                0x00000000        0x8 rtos/os.o
 .text.Task_Create_RoundRobin
                0x00000000        0x8 rtos/os.o
 .text.Task_Create_Periodic
                0x00000000       0x3e rtos/os.o
 .text.Service_Init
                0x00000000       0x1e rtos/os.o
 .text.Service_Subscribe
                0x00000000       0x26 rtos/os.o
 .text.Service_Publish
                0x00000000       0x26 rtos/os.o
 .text.OS_DisablePreemption
                0x00000000        0xe rtos/os.o
 .text.Now      0x00000000       0x50 rtos/os.o
 .text          0x00000000        0x0 trace/trace.o
 .data          0x00000000        0x0 trace/trace.o
 .bss           0x00000000        0x0 trace/trace.o
 .rodata.str1.1
                0x00000000        0xb trace/trace.o
 .text.print_trace
                0x00000000       0xce trace/trace.o
 .text.add_to_trace
                0x00000000       0x38 trace/trace.o
 .text.set_trace_test
                0x00000000        0x6 trace/trace.o
 .text.is_trace_full
                0x00000000       0x18 trace/trace.o
 .text.reset_trace
                0x00000000        0xa trace/trace.o
 .bss.trace_counter
                0x00000000        0x2 trace/trace.o
 .bss.trace_printed
                0x00000000        0x1 trace/trace.o
 .bss.trace_number
                0x00000000        0x1 trace/trace.o
 .debug_info    0x00000000      0x25b trace/trace.o
 .debug_abbrev  0x00000000      0x18e trace/trace.o
 .debug_loc     0x00000000      0x1d1 trace/trace.o
 .debug_aranges
                0x00000000       0x40 trace/trace.o
 .debug_ranges  0x00000000       0x30 trace/trace.o
 .debug_line    0x00000000      0x178 trace/trace.o
 .debug_str     0x00000000      0x228 trace/trace.o
 .comment       0x00000000       0x31 trace/trace.o
 .debug_frame   0x00000000       0xb8 trace/trace.o
 COMMON         0x00000000      0x220 trace/trace.o
 .text          0x00000000        0x0 uart/uart.o
 .data          0x00000000        0x0 uart/uart.o
 .bss           0x00000000        0x0 uart/uart.o
 .text.Roomba_Send_Byte
                0x00000000       0x10 uart/uart.o
 .text.Roomba_UART_Init
                0x00000000       0x80 uart/uart.o
 .text.uart_bytes_received
                0x00000000        0x6 uart/uart.o
 .text.uart_reset_receive
                0x00000000        0x6 uart/uart.o
 .text.uart_get_byte
                0x00000000       0x14 uart/uart.o
 .text          0x00000000        0x0 c:/program files (x86)/atmel/atmel toolchain/avr8 gcc/native/3.4.1061/avr8-gnu-toolchain/bin/../lib/gcc/avr/4.8.1/avr6\libgcc.a(_exit.o)
 .data          0x00000000        0x0 c:/program files (x86)/atmel/atmel toolchain/avr8 gcc/native/3.4.1061/avr8-gnu-toolchain/bin/../lib/gcc/avr/4.8.1/avr6\libgcc.a(_exit.o)
 .bss           0x00000000        0x0 c:/program files (x86)/atmel/atmel toolchain/avr8 gcc/native/3.4.1061/avr8-gnu-toolchain/bin/../lib/gcc/avr/4.8.1/avr6\libgcc.a(_exit.o)
 .text.libgcc.mul
                0x00000000        0x0 c:/program files (x86)/atmel/atmel toolchain/avr8 gcc/native/3.4.1061/avr8-gnu-toolchain/bin/../lib/gcc/avr/4.8.1/avr6\libgcc.a(_exit.o)
 .text.libgcc.div
                0x00000000        0x0 c:/program files (x86)/atmel/atmel toolchain/avr8 gcc/native/3.4.1061/avr8-gnu-toolchain/bin/../lib/gcc/avr/4.8.1/avr6\libgcc.a(_exit.o)
 .text.libgcc   0x00000000        0x0 c:/program files (x86)/atmel/atmel toolchain/avr8 gcc/native/3.4.1061/avr8-gnu-toolchain/bin/../lib/gcc/avr/4.8.1/avr6\libgcc.a(_exit.o)
 .text.libgcc.prologue
                0x00000000        0x0 c:/program files (x86)/atmel/atmel toolchain/avr8 gcc/native/3.4.1061/avr8-gnu-toolchain/bin/../lib/gcc/avr/4.8.1/avr6\libgcc.a(_exit.o)
 .text.libgcc.builtins
                0x00000000        0x0 c:/program files (x86)/atmel/atmel toolchain/avr8 gcc/native/3.4.1061/avr8-gnu-toolchain/bin/../lib/gcc/avr/4.8.1/avr6\libgcc.a(_exit.o)
 .text.libgcc.fmul
                0x00000000        0x0 c:/program files (x86)/atmel/atmel toolchain/avr8 gcc/native/3.4.1061/avr8-gnu-toolchain/bin/../lib/gcc/avr/4.8.1/avr6\libgcc.a(_exit.o)
 .text.libgcc.fixed
                0x00000000        0x0 c:/program files (x86)/atmel/atmel toolchain/avr8 gcc/native/3.4.1061/avr8-gnu-toolchain/bin/../lib/gcc/avr/4.8.1/avr6\libgcc.a(_exit.o)
 .text          0x00000000        0x0 c:/program files (x86)/atmel/atmel toolchain/avr8 gcc/native/3.4.1061/avr8-gnu-toolchain/bin/../lib/gcc/avr/4.8.1/avr6\libgcc.a(_tablejump.o)
 .data          0x00000000        0x0 c:/program files (x86)/atmel/atmel toolchain/avr8 gcc/native/3.4.1061/avr8-gnu-toolchain/bin/../lib/gcc/avr/4.8.1/avr6\libgcc.a(_tablejump.o)
 .bss           0x00000000        0x0 c:/program files (x86)/atmel/atmel toolchain/avr8 gcc/native/3.4.1061/avr8-gnu-toolchain/bin/../lib/gcc/avr/4.8.1/avr6\libgcc.a(_tablejump.o)
 .text.libgcc.mul
                0x00000000        0x0 c:/program files (x86)/atmel/atmel toolchain/avr8 gcc/native/3.4.1061/avr8-gnu-toolchain/bin/../lib/gcc/avr/4.8.1/avr6\libgcc.a(_tablejump.o)
 .text.libgcc.div
                0x00000000        0x0 c:/program files (x86)/atmel/atmel toolchain/avr8 gcc/native/3.4.1061/avr8-gnu-toolchain/bin/../lib/gcc/avr/4.8.1/avr6\libgcc.a(_tablejump.o)
 .text.libgcc.prologue
                0x00000000        0x0 c:/program files (x86)/atmel/atmel toolchain/avr8 gcc/native/3.4.1061/avr8-gnu-toolchain/bin/../lib/gcc/avr/4.8.1/avr6\libgcc.a(_tablejump.o)
 .text.libgcc.builtins
                0x00000000        0x0 c:/program files (x86)/atmel/atmel toolchain/avr8 gcc/native/3.4.1061/avr8-gnu-toolchain/bin/../lib/gcc/avr/4.8.1/avr6\libgcc.a(_tablejump.o)
 .text.libgcc.fmul
                0x00000000        0x0 c:/program files (x86)/atmel/atmel toolchain/avr8 gcc/native/3.4.1061/avr8-gnu-toolchain/bin/../lib/gcc/avr/4.8.1/avr6\libgcc.a(_tablejump.o)
 .text.libgcc.fixed
                0x00000000        0x0 c:/program files (x86)/atmel/atmel toolchain/avr8 gcc/native/3.4.1061/avr8-gnu-toolchain/bin/../lib/gcc/avr/4.8.1/avr6\libgcc.a(_tablejump.o)
 .text          0x00000000        0x0 c:/program files (x86)/atmel/atmel toolchain/avr8 gcc/native/3.4.1061/avr8-gnu-toolchain/bin/../lib/gcc/avr/4.8.1/avr6\libgcc.a(_copy_data.o)
 .data          0x00000000        0x0 c:/program files (x86)/atmel/atmel toolchain/avr8 gcc/native/3.4.1061/avr8-gnu-toolchain/bin/../lib/gcc/avr/4.8.1/avr6\libgcc.a(_copy_data.o)
 .bss           0x00000000        0x0 c:/program files (x86)/atmel/atmel toolchain/avr8 gcc/native/3.4.1061/avr8-gnu-toolchain/bin/../lib/gcc/avr/4.8.1/avr6\libgcc.a(_copy_data.o)
 .text.libgcc.mul
                0x00000000        0x0 c:/program files (x86)/atmel/atmel toolchain/avr8 gcc/native/3.4.1061/avr8-gnu-toolchain/bin/../lib/gcc/avr/4.8.1/avr6\libgcc.a(_copy_data.o)
 .text.libgcc.div
                0x00000000        0x0 c:/program files (x86)/atmel/atmel toolchain/avr8 gcc/native/3.4.1061/avr8-gnu-toolchain/bin/../lib/gcc/avr/4.8.1/avr6\libgcc.a(_copy_data.o)
 .text.libgcc   0x00000000        0x0 c:/program files (x86)/atmel/atmel toolchain/avr8 gcc/native/3.4.1061/avr8-gnu-toolchain/bin/../lib/gcc/avr/4.8.1/avr6\libgcc.a(_copy_data.o)
 .text.libgcc.prologue
                0x00000000        0x0 c:/program files (x86)/atmel/atmel toolchain/avr8 gcc/native/3.4.1061/avr8-gnu-toolchain/bin/../lib/gcc/avr/4.8.1/avr6\libgcc.a(_copy_data.o)
 .text.libgcc.builtins
                0x00000000        0x0 c:/program files (x86)/atmel/atmel toolchain/avr8 gcc/native/3.4.1061/avr8-gnu-toolchain/bin/../lib/gcc/avr/4.8.1/avr6\libgcc.a(_copy_data.o)
 .text.libgcc.fmul
                0x00000000        0x0 c:/program files (x86)/atmel/atmel toolchain/avr8 gcc/native/3.4.1061/avr8-gnu-toolchain/bin/../lib/gcc/avr/4.8.1/avr6\libgcc.a(_copy_data.o)
 .text.libgcc.fixed
                0x00000000        0x0 c:/program files (x86)/atmel/atmel toolchain/avr8 gcc/native/3.4.1061/avr8-gnu-toolchain/bin/../lib/gcc/avr/4.8.1/avr6\libgcc.a(_copy_data.o)
 .text          0x00000000        0x0 c:/program files (x86)/atmel/atmel toolchain/avr8 gcc/native/3.4.1061/avr8-gnu-toolchain/bin/../lib/gcc/avr/4.8.1/avr6\libgcc.a(_clear_bss.o)
 .data          0x00000000        0x0 c:/program files (x86)/atmel/atmel toolchain/avr8 gcc/native/3.4.1061/avr8-gnu-toolchain/bin/../lib/gcc/avr/4.8.1/avr6\libgcc.a(_clear_bss.o)
 .bss           0x00000000        0x0 c:/program files (x86)/atmel/atmel toolchain/avr8 gcc/native/3.4.1061/avr8-gnu-toolchain/bin/../lib/gcc/avr/4.8.1/avr6\libgcc.a(_clear_bss.o)
 .text.libgcc.mul
                0x00000000        0x0 c:/program files (x86)/atmel/atmel toolchain/avr8 gcc/native/3.4.1061/avr8-gnu-toolchain/bin/../lib/gcc/avr/4.8.1/avr6\libgcc.a(_clear_bss.o)
 .text.libgcc.div
                0x00000000        0x0 c:/program files (x86)/atmel/atmel toolchain/avr8 gcc/native/3.4.1061/avr8-gnu-toolchain/bin/../lib/gcc/avr/4.8.1/avr6\libgcc.a(_clear_bss.o)
 .text.libgcc   0x00000000        0x0 c:/program files (x86)/atmel/atmel toolchain/avr8 gcc/native/3.4.1061/avr8-gnu-toolchain/bin/../lib/gcc/avr/4.8.1/avr6\libgcc.a(_clear_bss.o)
 .text.libgcc.prologue
                0x00000000        0x0 c:/program files (x86)/atmel/atmel toolchain/avr8 gcc/native/3.4.1061/avr8-gnu-toolchain/bin/../lib/gcc/avr/4.8.1/avr6\libgcc.a(_clear_bss.o)
 .text.libgcc.builtins
                0x00000000        0x0 c:/program files (x86)/atmel/atmel toolchain/avr8 gcc/native/3.4.1061/avr8-gnu-toolchain/bin/../lib/gcc/avr/4.8.1/avr6\libgcc.a(_clear_bss.o)
 .text.libgcc.fmul
                0x00000000        0x0 c:/program files (x86)/atmel/atmel toolchain/avr8 gcc/native/3.4.1061/avr8-gnu-toolchain/bin/../lib/gcc/avr/4.8.1/avr6\libgcc.a(_clear_bss.o)
 .text.libgcc.fixed
                0x00000000        0x0 c:/program files (x86)/atmel/atmel toolchain/avr8 gcc/native/3.4.1061/avr8-gnu-toolchain/bin/../lib/gcc/avr/4.8.1/avr6\libgcc.a(_clear_bss.o)
 .text          0x00000000        0x0 c:/program files (x86)/atmel/atmel toolchain/avr8 gcc/native/3.4.1061/avr8-gnu-toolchain/bin/../lib/gcc/avr/4.8.1/avr6\libgcc.a(_umulhisi3.o)
 .data          0x00000000        0x0 c:/program files (x86)/atmel/atmel toolchain/avr8 gcc/native/3.4.1061/avr8-gnu-toolchain/bin/../lib/gcc/avr/4.8.1/avr6\libgcc.a(_umulhisi3.o)
 .bss           0x00000000        0x0 c:/program files (x86)/atmel/atmel toolchain/avr8 gcc/native/3.4.1061/avr8-gnu-toolchain/bin/../lib/gcc/avr/4.8.1/avr6\libgcc.a(_umulhisi3.o)
 .text.libgcc.mul
                0x00000000       0x1e c:/program files (x86)/atmel/atmel toolchain/avr8 gcc/native/3.4.1061/avr8-gnu-toolchain/bin/../lib/gcc/avr/4.8.1/avr6\libgcc.a(_umulhisi3.o)
 .text.libgcc.div
                0x00000000        0x0 c:/program files (x86)/atmel/atmel toolchain/avr8 gcc/native/3.4.1061/avr8-gnu-toolchain/bin/../lib/gcc/avr/4.8.1/avr6\libgcc.a(_umulhisi3.o)
 .text.libgcc   0x00000000        0x0 c:/program files (x86)/atmel/atmel toolchain/avr8 gcc/native/3.4.1061/avr8-gnu-toolchain/bin/../lib/gcc/avr/4.8.1/avr6\libgcc.a(_umulhisi3.o)
 .text.libgcc.prologue
                0x00000000        0x0 c:/program files (x86)/atmel/atmel toolchain/avr8 gcc/native/3.4.1061/avr8-gnu-toolchain/bin/../lib/gcc/avr/4.8.1/avr6\libgcc.a(_umulhisi3.o)
 .text.libgcc.builtins
                0x00000000        0x0 c:/program files (x86)/atmel/atmel toolchain/avr8 gcc/native/3.4.1061/avr8-gnu-toolchain/bin/../lib/gcc/avr/4.8.1/avr6\libgcc.a(_umulhisi3.o)
 .text.libgcc.fmul
                0x00000000        0x0 c:/program files (x86)/atmel/atmel toolchain/avr8 gcc/native/3.4.1061/avr8-gnu-toolchain/bin/../lib/gcc/avr/4.8.1/avr6\libgcc.a(_umulhisi3.o)
 .text.libgcc.fixed
                0x00000000        0x0 c:/program files (x86)/atmel/atmel toolchain/avr8 gcc/native/3.4.1061/avr8-gnu-toolchain/bin/../lib/gcc/avr/4.8.1/avr6\libgcc.a(_umulhisi3.o)
 .text          0x00000000        0x0 c:/program files (x86)/atmel/atmel toolchain/avr8 gcc/native/3.4.1061/avr8-gnu-toolchain/bin/../lib/gcc/avr/4.8.1/../../../../avr/lib/avr6\libc.a(sprintf.o)
 .data          0x00000000        0x0 c:/program files (x86)/atmel/atmel toolchain/avr8 gcc/native/3.4.1061/avr8-gnu-toolchain/bin/../lib/gcc/avr/4.8.1/../../../../avr/lib/avr6\libc.a(sprintf.o)
 .bss           0x00000000        0x0 c:/program files (x86)/atmel/atmel toolchain/avr8 gcc/native/3.4.1061/avr8-gnu-toolchain/bin/../lib/gcc/avr/4.8.1/../../../../avr/lib/avr6\libc.a(sprintf.o)
 .text.avr-libc
                0x00000000       0x5e c:/program files (x86)/atmel/atmel toolchain/avr8 gcc/native/3.4.1061/avr8-gnu-toolchain/bin/../lib/gcc/avr/4.8.1/../../../../avr/lib/avr6\libc.a(sprintf.o)
 .comment       0x00000000       0x31 c:/program files (x86)/atmel/atmel toolchain/avr8 gcc/native/3.4.1061/avr8-gnu-toolchain/bin/../lib/gcc/avr/4.8.1/../../../../avr/lib/avr6\libc.a(sprintf.o)
 .text          0x00000000        0x0 c:/program files (x86)/atmel/atmel toolchain/avr8 gcc/native/3.4.1061/avr8-gnu-toolchain/bin/../lib/gcc/avr/4.8.1/../../../../avr/lib/avr6\libc.a(vfprintf_std.o)
 .data          0x00000000        0x0 c:/program files (x86)/atmel/atmel toolchain/avr8 gcc/native/3.4.1061/avr8-gnu-toolchain/bin/../lib/gcc/avr/4.8.1/../../../../avr/lib/avr6\libc.a(vfprintf_std.o)
 .bss           0x00000000        0x0 c:/program files (x86)/atmel/atmel toolchain/avr8 gcc/native/3.4.1061/avr8-gnu-toolchain/bin/../lib/gcc/avr/4.8.1/../../../../avr/lib/avr6\libc.a(vfprintf_std.o)
 .text.avr-libc
                0x00000000      0x3f6 c:/program files (x86)/atmel/atmel toolchain/avr8 gcc/native/3.4.1061/avr8-gnu-toolchain/bin/../lib/gcc/avr/4.8.1/../../../../avr/lib/avr6\libc.a(vfprintf_std.o)
 .comment       0x00000000       0x2d c:/program files (x86)/atmel/atmel toolchain/avr8 gcc/native/3.4.1061/avr8-gnu-toolchain/bin/../lib/gcc/avr/4.8.1/../../../../avr/lib/avr6\libc.a(vfprintf_std.o)
 .text          0x00000000        0x0 c:/program files (x86)/atmel/atmel toolchain/avr8 gcc/native/3.4.1061/avr8-gnu-toolchain/bin/../lib/gcc/avr/4.8.1/../../../../avr/lib/avr6\libc.a(strnlen_P.o)
 .data          0x00000000        0x0 c:/program files (x86)/atmel/atmel toolchain/avr8 gcc/native/3.4.1061/avr8-gnu-toolchain/bin/../lib/gcc/avr/4.8.1/../../../../avr/lib/avr6\libc.a(strnlen_P.o)
 .bss           0x00000000        0x0 c:/program files (x86)/atmel/atmel toolchain/avr8 gcc/native/3.4.1061/avr8-gnu-toolchain/bin/../lib/gcc/avr/4.8.1/../../../../avr/lib/avr6\libc.a(strnlen_P.o)
 .text.avr-libc
                0x00000000       0x16 c:/program files (x86)/atmel/atmel toolchain/avr8 gcc/native/3.4.1061/avr8-gnu-toolchain/bin/../lib/gcc/avr/4.8.1/../../../../avr/lib/avr6\libc.a(strnlen_P.o)
 .text          0x00000000        0x0 c:/program files (x86)/atmel/atmel toolchain/avr8 gcc/native/3.4.1061/avr8-gnu-toolchain/bin/../lib/gcc/avr/4.8.1/../../../../avr/lib/avr6\libc.a(strnlen.o)
 .data          0x00000000        0x0 c:/program files (x86)/atmel/atmel toolchain/avr8 gcc/native/3.4.1061/avr8-gnu-toolchain/bin/../lib/gcc/avr/4.8.1/../../../../avr/lib/avr6\libc.a(strnlen.o)
 .bss           0x00000000        0x0 c:/program files (x86)/atmel/atmel toolchain/avr8 gcc/native/3.4.1061/avr8-gnu-toolchain/bin/../lib/gcc/avr/4.8.1/../../../../avr/lib/avr6\libc.a(strnlen.o)
 .text.avr-libc
                0x00000000       0x16 c:/program files (x86)/atmel/atmel toolchain/avr8 gcc/native/3.4.1061/avr8-gnu-toolchain/bin/../lib/gcc/avr/4.8.1/../../../../avr/lib/avr6\libc.a(strnlen.o)
 .text          0x00000000        0x0 c:/program files (x86)/atmel/atmel toolchain/avr8 gcc/native/3.4.1061/avr8-gnu-toolchain/bin/../lib/gcc/avr/4.8.1/../../../../avr/lib/avr6\libc.a(fputc.o)
 .data          0x00000000        0x0 c:/program files (x86)/atmel/atmel toolchain/avr8 gcc/native/3.4.1061/avr8-gnu-toolchain/bin/../lib/gcc/avr/4.8.1/../../../../avr/lib/avr6\libc.a(fputc.o)
 .bss           0x00000000        0x0 c:/program files (x86)/atmel/atmel toolchain/avr8 gcc/native/3.4.1061/avr8-gnu-toolchain/bin/../lib/gcc/avr/4.8.1/../../../../avr/lib/avr6\libc.a(fputc.o)
 .text.avr-libc
                0x00000000       0x64 c:/program files (x86)/atmel/atmel toolchain/avr8 gcc/native/3.4.1061/avr8-gnu-toolchain/bin/../lib/gcc/avr/4.8.1/../../../../avr/lib/avr6\libc.a(fputc.o)
 .comment       0x00000000       0x31 c:/program files (x86)/atmel/atmel toolchain/avr8 gcc/native/3.4.1061/avr8-gnu-toolchain/bin/../lib/gcc/avr/4.8.1/../../../../avr/lib/avr6\libc.a(fputc.o)
 .text          0x00000000        0x0 c:/program files (x86)/atmel/atmel toolchain/avr8 gcc/native/3.4.1061/avr8-gnu-toolchain/bin/../lib/gcc/avr/4.8.1/../../../../avr/lib/avr6\libc.a(ultoa_invert.o)
 .data          0x00000000        0x0 c:/program files (x86)/atmel/atmel toolchain/avr8 gcc/native/3.4.1061/avr8-gnu-toolchain/bin/../lib/gcc/avr/4.8.1/../../../../avr/lib/avr6\libc.a(ultoa_invert.o)
 .bss           0x00000000        0x0 c:/program files (x86)/atmel/atmel toolchain/avr8 gcc/native/3.4.1061/avr8-gnu-toolchain/bin/../lib/gcc/avr/4.8.1/../../../../avr/lib/avr6\libc.a(ultoa_invert.o)
 .text.avr-libc
                0x00000000       0xbc c:/program files (x86)/atmel/atmel toolchain/avr8 gcc/native/3.4.1061/avr8-gnu-toolchain/bin/../lib/gcc/avr/4.8.1/../../../../avr/lib/avr6\libc.a(ultoa_invert.o)

Memory Configuration

Name             Origin             Length             Attributes
text             0x00000000         0x00100000         xr
data             0x00800200         0x0000fe00         rw !x
eeprom           0x00810000         0x00010000         rw !x
fuse             0x00820000         0x00000400         rw !x
lock             0x00830000         0x00000400         rw !x
signature        0x00840000         0x00000400         rw !x
user_signatures  0x00850000         0x00000400         rw !x
*default*        0x00000000         0xffffffff

Linker script and memory map

Address of section .data set to 0x800200
LOAD c:/program files (x86)/atmel/atmel toolchain/avr8 gcc/native/3.4.1061/avr8-gnu-toolchain/bin/../lib/gcc/avr/4.8.1/../../../../avr/lib/avr6/crtm2560.o
LOAD cops_and_robbers.o
LOAD ir/ir.o
LOAD radio/radio.o
LOAD radio/spi.o
LOAD RoombaVer3.o
LOAD roomba/roomba.o
LOAD rtos/os.o
LOAD trace/trace.o
LOAD uart/uart.o
START GROUP
LOAD c:/program files (x86)/atmel/atmel toolchain/avr8 gcc/native/3.4.1061/avr8-gnu-toolchain/bin/../lib/gcc/avr/4.8.1/../../../../avr/lib/avr6\libm.a
END GROUP
START GROUP
LOAD c:/program files (x86)/atmel/atmel toolchain/avr8 gcc/native/3.4.1061/avr8-gnu-toolchain/bin/../lib/gcc/avr/4.8.1/avr6\libgcc.a
LOAD c:/program files (x86)/atmel/atmel toolchain/avr8 gcc/native/3.4.1061/avr8-gnu-toolchain/bin/../lib/gcc/avr/4.8.1/../../../../avr/lib/avr6\libm.a
LOAD c:/program files (x86)/atmel/atmel toolchain/avr8 gcc/native/3.4.1061/avr8-gnu-toolchain/bin/../lib/gcc/avr/4.8.1/../../../../avr/lib/avr6\libc.a
END GROUP

.hash
 *(.hash)

.dynsym
 *(.dynsym)

.dynstr
 *(.dynstr)

.gnu.version
 *(.gnu.version)

.gnu.version_d
 *(.gnu.version_d)

.gnu.version_r
 *(.gnu.version_r)

.rel.init
 *(.rel.init)

.rela.init
 *(.rela.init)

.rel.text
 *(.rel.text)
 *(.rel.text.*)
 *(.rel.gnu.linkonce.t*)

.rela.text
 *(.rela.text)
 *(.rela.text.*)
 *(.rela.gnu.linkonce.t*)

.rel.fini
 *(.rel.fini)

.rela.fini
 *(.rela.fini)

.rel.rodata
 *(.rel.rodata)
 *(.rel.rodata.*)
 *(.rel.gnu.linkonce.r*)

.rela.rodata
 *(.rela.rodata)
 *(.rela.rodata.*)
 *(.rela.gnu.linkonce.r*)

.rel.data
 *(.rel.data)
 *(.rel.data.*)
 *(.rel.gnu.linkonce.d*)

.rela.data
 *(.rela.data)
 *(.rela.data.*)
 *(.rela.gnu.linkonce.d*)

.rel.ctors
 *(.rel.ctors)

.rela.ctors
 *(.rela.ctors)

.rel.dtors
 *(.rel.dtors)

.rela.dtors
 *(.rela.dtors)

.rel.got
 *(.rel.got)

.rela.got
 *(.rela.got)

.rel.bss
 *(.rel.bss)

.rela.bss
 *(.rela.bss)

.rel.plt
 *(.rel.plt)

.rela.plt
 *(.rela.plt)

.text           0x00000000     0x1128
 *(.vectors)
 .vectors       0x00000000       0xe4 c:/program files (x86)/atmel/atmel toolchain/avr8 gcc/native/3.4.1061/avr8-gnu-toolchain/bin/../lib/gcc/avr/4.8.1/../../../../avr/lib/avr6/crtm2560.o
                0x00000000                __vector_default
                0x00000000                __vectors
 *(.vectors)
 *(.progmem.gcc*)
 .progmem.gcc_sw_table.main
                0x000000e4       0x12 rtos/os.o
                0x000000f6                . = ALIGN (0x2)
                0x000000f6                __trampolines_start = .
 *(.trampolines)
 .trampolines   0x000000f6        0x0 linker stubs
 *(.trampolines*)
                0x000000f6                __trampolines_end = .
 *(.progmem*)
                0x000000f6                . = ALIGN (0x2)
 *(.jumptables)
 *(.jumptables*)
 *(.lowtext)
 *(.lowtext*)
                0x000000f6                __ctors_start = .
 *(.ctors)
                0x000000f6                __ctors_end = .
                0x000000f6                __dtors_start = .
 *(.dtors)
                0x000000f6                __dtors_end = .
 SORT(*)(.ctors)
 SORT(*)(.dtors)
 *(.init0)
 .init0         0x000000f6        0x0 c:/program files (x86)/atmel/atmel toolchain/avr8 gcc/native/3.4.1061/avr8-gnu-toolchain/bin/../lib/gcc/avr/4.8.1/../../../../avr/lib/avr6/crtm2560.o
                0x000000f6                __init
 *(.init0)
 *(.init1)
 *(.init1)
 *(.init2)
 .init2         0x000000f6       0x10 c:/program files (x86)/atmel/atmel toolchain/avr8 gcc/native/3.4.1061/avr8-gnu-toolchain/bin/../lib/gcc/avr/4.8.1/../../../../avr/lib/avr6/crtm2560.o
 *(.init2)
 *(.init3)
 *(.init3)
 *(.init4)
 .init4         0x00000106       0x1a c:/program files (x86)/atmel/atmel toolchain/avr8 gcc/native/3.4.1061/avr8-gnu-toolchain/bin/../lib/gcc/avr/4.8.1/avr6\libgcc.a(_copy_data.o)
                0x00000106                __do_copy_data
 .init4         0x00000120       0x10 c:/program files (x86)/atmel/atmel toolchain/avr8 gcc/native/3.4.1061/avr8-gnu-toolchain/bin/../lib/gcc/avr/4.8.1/avr6\libgcc.a(_clear_bss.o)
                0x00000120                __do_clear_bss
 *(.init4)
 *(.init5)
 *(.init5)
 *(.init6)
 *(.init6)
 *(.init7)
 *(.init7)
 *(.init8)
 *(.init8)
 *(.init9)
 .init9         0x00000130        0x4 c:/program files (x86)/atmel/atmel toolchain/avr8 gcc/native/3.4.1061/avr8-gnu-toolchain/bin/../lib/gcc/avr/4.8.1/../../../../avr/lib/avr6/crtm2560.o
 *(.init9)
 *(.text)
 .text          0x00000134        0x2 c:/program files (x86)/atmel/atmel toolchain/avr8 gcc/native/3.4.1061/avr8-gnu-toolchain/bin/../lib/gcc/avr/4.8.1/../../../../avr/lib/avr6/crtm2560.o
                0x00000134                __vector_38
                0x00000134                __vector_22
                0x00000134                __vector_28
                0x00000134                __vector_1
                0x00000134                __vector_32
                0x00000134                __vector_34
                0x00000134                __vector_24
                0x00000134                __vector_12
                0x00000134                __vector_55
                0x00000134                __vector_46
                0x00000134                __bad_interrupt
                0x00000134                __vector_31
                0x00000134                __vector_35
                0x00000134                __vector_39
                0x00000134                __vector_3
                0x00000134                __vector_23
                0x00000134                __vector_30
                0x00000134                __vector_45
                0x00000134                __vector_25
                0x00000134                __vector_11
                0x00000134                __vector_54
                0x00000134                __vector_13
                0x00000134                __vector_19
                0x00000134                __vector_56
                0x00000134                __vector_7
                0x00000134                __vector_49
                0x00000134                __vector_41
                0x00000134                __vector_43
                0x00000134                __vector_27
                0x00000134                __vector_33
                0x00000134                __vector_47
                0x00000134                __vector_52
                0x00000134                __vector_37
                0x00000134                __vector_4
                0x00000134                __vector_44
                0x00000134                __vector_51
                0x00000134                __vector_9
                0x00000134                __vector_2
                0x00000134                __vector_21
                0x00000134                __vector_15
                0x00000134                __vector_29
                0x00000134                __vector_40
                0x00000134                __vector_8
                0x00000134                __vector_26
                0x00000134                __vector_48
                0x00000134                __vector_14
                0x00000134                __vector_53
                0x00000134                __vector_10
                0x00000134                __vector_50
                0x00000134                __vector_16
                0x00000134                __vector_18
                0x00000134                __vector_20
                0x00000134                __vector_42
                0x00000136                . = ALIGN (0x2)
 *(.text.*)
 .text.__vector_6
                0x00000136       0x62 ir/ir.o
                0x00000136                __vector_6
 .text.get_status
                0x00000198       0x1e radio/radio.o
 .text.set_register
                0x000001b6       0x3e radio/radio.o
 .text.reset_pipe0_address
                0x000001f4       0x14 radio/radio.o
 .text.send_instruction
                0x00000208       0x4a radio/radio.o
 .text.get_register
                0x00000252       0x5a radio/radio.o
 .text.set_rx_mode
                0x000002ac       0x4c radio/radio.o
 .text.__vector_5
                0x000002f8      0x108 radio/radio.o
                0x000002f8                __vector_5
 .text.SPI_ReadWrite_Block
                0x00000400       0x26 radio/spi.o
                0x00000400                SPI_ReadWrite_Block
 .text.SPI_Write_Block
                0x00000426       0x1e radio/spi.o
                0x00000426                SPI_Write_Block
 .text.SPI_Write_Byte
                0x00000444        0xc radio/spi.o
                0x00000444                SPI_Write_Byte
 .text.radio_rxhandler
                0x00000450        0x2 RoombaVer3.o
                0x00000450                radio_rxhandler
 .text.r_main   0x00000452        0x6 RoombaVer3.o
                0x00000452                r_main
 .text.idle     0x00000458        0x2 rtos/os.o
 .text.exit_kernel
                0x0000045a       0xb2 rtos/os.o
 .text.enter_kernel
                0x0000050c       0xb2 rtos/os.o
 .text.periodic_enqueue
                0x000005be       0xd0 rtos/os.o
 .text.enqueue  0x0000068e       0x26 rtos/os.o
 .text.dequeue  0x000006b4       0x2e rtos/os.o
 .text.kernel_create_task
                0x000006e2      0x158 rtos/os.o
 .text.Task_Terminate
                0x0000083a       0x14 rtos/os.o
                0x0000083a                Task_Terminate
 .text.__vector_17
                0x0000084e       0xd6 rtos/os.o
                0x0000084e                __vector_17
 .text.kernel_init
                0x00000924      0x196 rtos/os.o
                0x00000924                kernel_init
 .text.OS_Abort
                0x00000aba       0xc0 rtos/os.o
                0x00000aba                OS_Abort
 .text.periodic_task_ready
                0x00000b7a       0x58 rtos/os.o
                0x00000b7a                periodic_task_ready
 .text.kernel_should_preempt
                0x00000bd2       0x80 rtos/os.o
 .text.main     0x00000c52      0x47a rtos/os.o
                0x00000c52                main
 .text.__vector_36
                0x000010cc       0x4c uart/uart.o
                0x000010cc                __vector_36
 .text.libgcc   0x00001118        0xc c:/program files (x86)/atmel/atmel toolchain/avr8 gcc/native/3.4.1061/avr8-gnu-toolchain/bin/../lib/gcc/avr/4.8.1/avr6\libgcc.a(_tablejump.o)
                0x00001118                __tablejump2__
                0x0000111c                __tablejump__
                0x00001124                . = ALIGN (0x2)
 *(.fini9)
 .fini9         0x00001124        0x0 c:/program files (x86)/atmel/atmel toolchain/avr8 gcc/native/3.4.1061/avr8-gnu-toolchain/bin/../lib/gcc/avr/4.8.1/avr6\libgcc.a(_exit.o)
                0x00001124                _exit
                0x00001124                exit
 *(.fini9)
 *(.fini8)
 *(.fini8)
 *(.fini7)
 *(.fini7)
 *(.fini6)
 *(.fini6)
 *(.fini5)
 *(.fini5)
 *(.fini4)
 *(.fini4)
 *(.fini3)
 *(.fini3)
 *(.fini2)
 *(.fini2)
 *(.fini1)
 *(.fini1)
 *(.fini0)
 .fini0         0x00001124        0x4 c:/program files (x86)/atmel/atmel toolchain/avr8 gcc/native/3.4.1061/avr8-gnu-toolchain/bin/../lib/gcc/avr/4.8.1/avr6\libgcc.a(_exit.o)
 *(.fini0)
                0x00001128                _etext = .

.data           0x00800200       0x10 load address 0x00001128
                0x00800200                PROVIDE (__data_start, .)
 *(.data)
 *(.data*)
 .data.tx_last_status
                0x00800200        0x1 radio/radio.o
 .data.tx_history
                0x00800201        0x2 radio/radio.o
 .data.rx_pipe0_address
                0x00800203        0x5 radio/radio.o
 .data.rx_pipe_widths
                0x00800208        0x6 radio/radio.o
 .data.error_msg
                0x0080020e        0x1 rtos/os.o
 *(.rodata)
 *(.rodata*)
 *(.gnu.linkonce.d*)
                0x00800210                . = ALIGN (0x2)
 *fill*         0x0080020f        0x1 
                0x00800210                _edata = .
                0x00800210                PROVIDE (__data_end, .)

.bss            0x00800210      0xa46
                0x00800210                PROVIDE (__bss_start, .)
 *(.bss)
 *(.bss*)
 .bss.currentByte
                0x00800210        0x1 ir/ir.o
                0x00800210                currentByte
 .bss.currentBit
                0x00800211        0x1 ir/ir.o
                0x00800211                currentBit
 .bss.is_receiving
                0x00800212        0x1 ir/ir.o
                0x00800212                is_receiving
 .bss.transmit_lock
                0x00800213        0x1 radio/radio.o
 .bss.current_timer_val
                0x00800214        0x2 rtos/os.o
 .bss.ticks_from_start
                0x00800216        0x2 rtos/os.o
 .bss.num_services
                0x00800218        0x1 rtos/os.o
 .bss.service_list
                0x00800219       0x50 rtos/os.o
 .bss.system_task_queue
                0x00800269        0x4 rtos/os.o
 .bss.periodic_task_queue
                0x0080026d        0x4 rtos/os.o
 .bss.roundrobin_task_queue
                0x00800271        0x4 rtos/os.o
 .bss.periodic_dead_pool_queue
                0x00800275        0x4 rtos/os.o
 .bss.dead_pool_queue
                0x00800279        0x4 rtos/os.o
 .bss.kernel_request_service_pub_data
                0x0080027d        0x2 rtos/os.o
 .bss.kernel_request_service_sub_data
                0x0080027f        0x2 rtos/os.o
 .bss.kernel_request_service_descriptor
                0x00800281        0x2 rtos/os.o
 .bss.kernel_request_service_init_retval
                0x00800283        0x2 rtos/os.o
 .bss.kernel_request_retval
                0x00800285        0x2 rtos/os.o
 .bss.kernel_preemption_disabled
                0x00800287        0x2 rtos/os.o
 .bss.kernel_period_create_meta
                0x00800289        0xa rtos/os.o
 .bss.kernel_request_create_args
                0x00800293        0x5 rtos/os.o
 .bss.kernel_request
                0x00800298        0x1 rtos/os.o
 .bss.periodic_task_desc
                0x00800299       0x28 rtos/os.o
 .bss.task_desc
                0x008002c1      0x96c rtos/os.o
 .bss.kernel_sp
                0x00800c2d        0x2 rtos/os.o
 .bss.periodic_task_remticks
                0x00800c2f        0x2 rtos/os.o
 .bss.cur_per_metadata
                0x00800c31        0x2 rtos/os.o
 .bss.cur_task  0x00800c33        0x2 rtos/os.o
 .bss.uart_buffer_index
                0x00800c35        0x1 uart/uart.o
 .bss.uart_buffer
                0x00800c36       0x20 uart/uart.o
 *(COMMON)
                0x00800c56                PROVIDE (__bss_end, .)
                0x00001128                __data_load_start = LOADADDR (.data)
                0x00001138                __data_load_end = (__data_load_start + SIZEOF (.data))

.noinit         0x00800c56        0x0
                0x00800c56                PROVIDE (__noinit_start, .)
 *(.noinit*)
                0x00800c56                PROVIDE (__noinit_end, .)
                0x00800c56                _end = .
                0x00800c56                PROVIDE (__heap_start, .)

.eeprom         0x00810000        0x0
 *(.eeprom*)
                0x00810000                __eeprom_end = .

.fuse
 *(.fuse)
 *(.lfuse)
 *(.hfuse)
 *(.efuse)

.lock
 *(.lock*)

.signature
 *(.signature*)

.user_signatures
 *(.user_signatures*)

.stab
 *(.stab)

.stabstr
 *(.stabstr)

.stab.excl
 *(.stab.excl)

.stab.exclstr
 *(.stab.exclstr)

.stab.index
 *(.stab.index)

.stab.indexstr
 *(.stab.indexstr)

.comment        0x00000000       0x30
 *(.comment)
 .comment       0x00000000       0x30 ir/ir.o
                                 0x31 (size before relaxing)
 .comment       0x00000000       0x31 radio/radio.o
 .comment       0x00000000       0x31 radio/spi.o
 .comment       0x00000000       0x31 RoombaVer3.o
 .comment       0x00000000       0x31 rtos/os.o
 .comment       0x00000000       0x31 uart/uart.o

.note.gnu.build-id
 *(.note.gnu.build-id)

.debug
 *(.debug)

.line
 *(.line)

.debug_srcinfo
 *(.debug_srcinfo)

.debug_sfnames
 *(.debug_sfnames)

.debug_aranges  0x00000000      0x268
 *(.debug_aranges)
 .debug_aranges
                0x00000000       0x50 ir/ir.o
 .debug_aranges
                0x00000050       0x90 radio/radio.o
 .debug_aranges
                0x000000e0       0x38 radio/spi.o
 .debug_aranges
                0x00000118       0x28 RoombaVer3.o
 .debug_aranges
                0x00000140       0xe0 rtos/os.o
 .debug_aranges
                0x00000220       0x48 uart/uart.o

.debug_pubnames
 *(.debug_pubnames)

.debug_info     0x00000000     0x2bc8
 *(.debug_info .gnu.linkonce.wi.*)
 .debug_info    0x00000000      0x299 ir/ir.o
 .debug_info    0x00000299     0x12f1 radio/radio.o
 .debug_info    0x0000158a      0x153 radio/spi.o
 .debug_info    0x000016dd       0xbd RoombaVer3.o
 .debug_info    0x0000179a     0x126a rtos/os.o
 .debug_info    0x00002a04      0x1c4 uart/uart.o

.debug_abbrev   0x00000000      0xc51
 *(.debug_abbrev)
 .debug_abbrev  0x00000000      0x154 ir/ir.o
 .debug_abbrev  0x00000154      0x3f4 radio/radio.o
 .debug_abbrev  0x00000548       0xc8 radio/spi.o
 .debug_abbrev  0x00000610       0x7c RoombaVer3.o
 .debug_abbrev  0x0000068c      0x4ae rtos/os.o
 .debug_abbrev  0x00000b3a      0x117 uart/uart.o

.debug_line     0x00000000     0x1987
 *(.debug_line .debug_line.* .debug_line_end)
 .debug_line    0x00000000      0x299 ir/ir.o
 .debug_line    0x00000299      0x6de radio/radio.o
 .debug_line    0x00000977      0x15d radio/spi.o
 .debug_line    0x00000ad4       0xd4 RoombaVer3.o
 .debug_line    0x00000ba8      0xc14 rtos/os.o
 .debug_line    0x000017bc      0x1cb uart/uart.o

.debug_frame    0x00000000      0x658
 *(.debug_frame)
 .debug_frame   0x00000000       0xb8 ir/ir.o
 .debug_frame   0x000000b8      0x268 radio/radio.o
 .debug_frame   0x00000320       0x54 radio/spi.o
 .debug_frame   0x00000374       0x34 RoombaVer3.o
 .debug_frame   0x000003a8      0x21c rtos/os.o
 .debug_frame   0x000005c4       0x94 uart/uart.o

.debug_str      0x00000000     0x11fa
 *(.debug_str)
 .debug_str     0x00000000      0x208 ir/ir.o
                                0x241 (size before relaxing)
 .debug_str     0x00000208      0x6cc radio/radio.o
                                0x91f (size before relaxing)
 .debug_str     0x000008d4       0x50 radio/spi.o
                                0x1ae (size before relaxing)
 .debug_str     0x00000924       0x25 RoombaVer3.o
                                0x196 (size before relaxing)
 .debug_str     0x00000949      0x7c6 rtos/os.o
                                0x9f1 (size before relaxing)
 .debug_str     0x0000110f       0xeb uart/uart.o
                                0x25b (size before relaxing)

.debug_loc      0x00000000     0x18eb
 *(.debug_loc)
 .debug_loc     0x00000000       0xfc ir/ir.o
 .debug_loc     0x000000fc      0xab0 radio/radio.o
 .debug_loc     0x00000bac       0xfb radio/spi.o
 .debug_loc     0x00000ca7      0xb13 rtos/os.o
 .debug_loc     0x000017ba      0x131 uart/uart.o

.debug_macinfo
 *(.debug_macinfo)

.debug_weaknames
 *(.debug_weaknames)

.debug_funcnames
 *(.debug_funcnames)

.debug_typenames
 *(.debug_typenames)

.debug_varnames
 *(.debug_varnames)

.debug_pubtypes
 *(.debug_pubtypes)

.debug_ranges   0x00000000      0x2b8
 *(.debug_ranges)
 .debug_ranges  0x00000000       0x40 ir/ir.o
 .debug_ranges  0x00000040       0x80 radio/radio.o
 .debug_ranges  0x000000c0       0x28 radio/spi.o
 .debug_ranges  0x000000e8       0x18 RoombaVer3.o
 .debug_ranges  0x00000100      0x180 rtos/os.o
 .debug_ranges  0x00000280       0x38 uart/uart.o

.debug_macro
 *(.debug_macro)
OUTPUT(RoombaVer3.elf elf32-avr)
LOAD linker stubs
